[2026-01-18T18:20:30.774+0000] {manager.py:470} INFO - Processing files using up to 2 processes at a time 
[2026-01-18T18:20:30.776+0000] {manager.py:471} INFO - Process each file at most once every 30 seconds
[2026-01-18T18:20:30.778+0000] {manager.py:472} INFO - Checking for new files in /opt/airflow/dags every 300 seconds
[2026-01-18T18:20:30.779+0000] {manager.py:737} INFO - Searching for files in /opt/airflow/dags
[2026-01-18T18:20:30.795+0000] {manager.py:740} INFO - There are 0 files in /opt/airflow/dags
[2026-01-18T18:25:31.174+0000] {manager.py:737} INFO - Searching for files in /opt/airflow/dags
[2026-01-18T18:25:31.247+0000] {manager.py:740} INFO - There are 2 files in /opt/airflow/dags
[2026-01-18T18:25:32.321+0000] {manager.py:878} INFO - 
================================================================================
DAG File Processing Stats

File Path                                PID    Runtime      # DAGs    # Errors  Last Runtime    Last Run
---------------------------------------  -----  ---------  --------  ----------  --------------  -------------------
/opt/airflow/dags/pipeline_one_off.py                             1           0  0.47s           2026-01-18T18:25:31
/opt/airflow/dags/pipeline_scheduled.py                           1           0  0.45s           2026-01-18T18:25:31
================================================================================
[2026-01-18T18:26:03.126+0000] {manager.py:878} INFO - 
================================================================================
DAG File Processing Stats

File Path                                PID    Runtime      # DAGs    # Errors  Last Runtime    Last Run
---------------------------------------  -----  ---------  --------  ----------  --------------  -------------------
/opt/airflow/dags/pipeline_scheduled.py                           1           0  0.16s           2026-01-18T18:26:02
/opt/airflow/dags/pipeline_one_off.py                             1           0  0.15s           2026-01-18T18:26:02
================================================================================
[2026-01-18T18:26:33.514+0000] {manager.py:878} INFO - 
================================================================================
DAG File Processing Stats

File Path                                PID    Runtime      # DAGs    # Errors  Last Runtime    Last Run
---------------------------------------  -----  ---------  --------  ----------  --------------  -------------------
/opt/airflow/dags/pipeline_scheduled.py                           1           0  0.16s           2026-01-18T18:26:32
/opt/airflow/dags/pipeline_one_off.py                             1           0  0.15s           2026-01-18T18:26:32
================================================================================
[2026-01-18T18:27:03.891+0000] {manager.py:878} INFO - 
================================================================================
DAG File Processing Stats

File Path                                PID    Runtime      # DAGs    # Errors  Last Runtime    Last Run
---------------------------------------  -----  ---------  --------  ----------  --------------  -------------------
/opt/airflow/dags/pipeline_one_off.py                             1           0  0.15s           2026-01-18T18:27:02
/opt/airflow/dags/pipeline_scheduled.py                           1           0  0.15s           2026-01-18T18:27:02
================================================================================
[2026-01-18T18:27:34.277+0000] {manager.py:878} INFO - 
================================================================================
DAG File Processing Stats

File Path                                PID    Runtime      # DAGs    # Errors  Last Runtime    Last Run
---------------------------------------  -----  ---------  --------  ----------  --------------  -------------------
/opt/airflow/dags/pipeline_scheduled.py                           1           0  0.16s           2026-01-18T18:27:33
/opt/airflow/dags/pipeline_one_off.py                             1           0  0.16s           2026-01-18T18:27:33
================================================================================
[2026-01-18T18:28:04.645+0000] {manager.py:878} INFO - 
================================================================================
DAG File Processing Stats

File Path                                PID    Runtime      # DAGs    # Errors  Last Runtime    Last Run
---------------------------------------  -----  ---------  --------  ----------  --------------  -------------------
/opt/airflow/dags/pipeline_scheduled.py                           1           0  0.15s           2026-01-18T18:28:03
/opt/airflow/dags/pipeline_one_off.py                             1           0  0.15s           2026-01-18T18:28:03
================================================================================
[2026-01-18T18:28:35.008+0000] {manager.py:878} INFO - 
================================================================================
DAG File Processing Stats

File Path                                PID    Runtime      # DAGs    # Errors  Last Runtime    Last Run
---------------------------------------  -----  ---------  --------  ----------  --------------  -------------------
/opt/airflow/dags/pipeline_one_off.py                             1           0  0.15s           2026-01-18T18:28:33
/opt/airflow/dags/pipeline_scheduled.py                           1           0  0.14s           2026-01-18T18:28:34
================================================================================
[2026-01-18T18:29:05.372+0000] {manager.py:878} INFO - 
================================================================================
DAG File Processing Stats

File Path                                PID    Runtime      # DAGs    # Errors  Last Runtime    Last Run
---------------------------------------  -----  ---------  --------  ----------  --------------  -------------------
/opt/airflow/dags/pipeline_scheduled.py                           1           0  0.16s           2026-01-18T18:29:04
/opt/airflow/dags/pipeline_one_off.py                             1           0  0.15s           2026-01-18T18:29:04
================================================================================
[2026-01-18T18:29:35.770+0000] {manager.py:878} INFO - 
================================================================================
DAG File Processing Stats

File Path                                PID    Runtime      # DAGs    # Errors  Last Runtime    Last Run
---------------------------------------  -----  ---------  --------  ----------  --------------  -------------------
/opt/airflow/dags/pipeline_one_off.py                             1           0  0.16s           2026-01-18T18:29:34
/opt/airflow/dags/pipeline_scheduled.py                           1           0  0.15s           2026-01-18T18:29:34
================================================================================
[2026-01-18T18:30:06.159+0000] {manager.py:878} INFO - 
================================================================================
DAG File Processing Stats

File Path                                PID    Runtime      # DAGs    # Errors  Last Runtime    Last Run
---------------------------------------  -----  ---------  --------  ----------  --------------  -------------------
/opt/airflow/dags/pipeline_one_off.py                             1           0  0.16s           2026-01-18T18:30:05
/opt/airflow/dags/pipeline_scheduled.py                           1           0  0.16s           2026-01-18T18:30:05
================================================================================
[2026-01-18T18:30:31.337+0000] {manager.py:737} INFO - Searching for files in /opt/airflow/dags
[2026-01-18T18:30:31.374+0000] {manager.py:740} INFO - There are 2 files in /opt/airflow/dags
[2026-01-18T18:30:36.578+0000] {manager.py:878} INFO - 
================================================================================
DAG File Processing Stats

File Path                                PID    Runtime      # DAGs    # Errors  Last Runtime    Last Run
---------------------------------------  -----  ---------  --------  ----------  --------------  -------------------
/opt/airflow/dags/pipeline_scheduled.py                           1           0  0.14s           2026-01-18T18:30:35
/opt/airflow/dags/pipeline_one_off.py                             1           0  0.14s           2026-01-18T18:30:35
================================================================================
[2026-01-18T18:31:06.981+0000] {manager.py:878} INFO - 
================================================================================
DAG File Processing Stats

File Path                                PID    Runtime      # DAGs    # Errors  Last Runtime    Last Run
---------------------------------------  -----  ---------  --------  ----------  --------------  -------------------
/opt/airflow/dags/pipeline_one_off.py                             1           0  0.18s           2026-01-18T18:31:05
/opt/airflow/dags/pipeline_scheduled.py                           1           0  0.18s           2026-01-18T18:31:05
================================================================================
[2026-01-18T18:31:37.366+0000] {manager.py:878} INFO - 
================================================================================
DAG File Processing Stats

File Path                                PID    Runtime      # DAGs    # Errors  Last Runtime    Last Run
---------------------------------------  -----  ---------  --------  ----------  --------------  -------------------
/opt/airflow/dags/pipeline_scheduled.py                           1           0  0.16s           2026-01-18T18:31:36
/opt/airflow/dags/pipeline_one_off.py                             1           0  0.15s           2026-01-18T18:31:36
================================================================================
[2026-01-18T18:32:07.739+0000] {manager.py:878} INFO - 
================================================================================
DAG File Processing Stats

File Path                                PID    Runtime      # DAGs    # Errors  Last Runtime    Last Run
---------------------------------------  -----  ---------  --------  ----------  --------------  -------------------
/opt/airflow/dags/pipeline_scheduled.py                           1           0  0.16s           2026-01-18T18:32:06
/opt/airflow/dags/pipeline_one_off.py                             1           0  0.15s           2026-01-18T18:32:06
================================================================================
[2026-01-18T18:32:38.151+0000] {manager.py:878} INFO - 
================================================================================
DAG File Processing Stats

File Path                                PID    Runtime      # DAGs    # Errors  Last Runtime    Last Run
---------------------------------------  -----  ---------  --------  ----------  --------------  -------------------
/opt/airflow/dags/pipeline_scheduled.py                           1           0  0.19s           2026-01-18T18:32:37
/opt/airflow/dags/pipeline_one_off.py                             1           0  0.18s           2026-01-18T18:32:37
================================================================================
[2026-01-18T18:33:08.527+0000] {manager.py:878} INFO - 
================================================================================
DAG File Processing Stats

File Path                                PID    Runtime      # DAGs    # Errors  Last Runtime    Last Run
---------------------------------------  -----  ---------  --------  ----------  --------------  -------------------
/opt/airflow/dags/pipeline_scheduled.py                           1           0  0.16s           2026-01-18T18:33:07
/opt/airflow/dags/pipeline_one_off.py                             1           0  0.16s           2026-01-18T18:33:07
================================================================================
[2026-01-18T18:33:38.926+0000] {manager.py:878} INFO - 
================================================================================
DAG File Processing Stats

File Path                                PID    Runtime      # DAGs    # Errors  Last Runtime    Last Run
---------------------------------------  -----  ---------  --------  ----------  --------------  -------------------
/opt/airflow/dags/pipeline_scheduled.py                           1           0  0.17s           2026-01-18T18:33:37
/opt/airflow/dags/pipeline_one_off.py                             1           0  0.16s           2026-01-18T18:33:37
================================================================================
[2026-01-18T18:34:09.333+0000] {manager.py:878} INFO - 
================================================================================
DAG File Processing Stats

File Path                                PID    Runtime      # DAGs    # Errors  Last Runtime    Last Run
---------------------------------------  -----  ---------  --------  ----------  --------------  -------------------
/opt/airflow/dags/pipeline_scheduled.py                           1           0  0.17s           2026-01-18T18:34:08
/opt/airflow/dags/pipeline_one_off.py                             1           0  0.16s           2026-01-18T18:34:08
================================================================================
[2026-01-18T18:34:39.745+0000] {manager.py:878} INFO - 
================================================================================
DAG File Processing Stats

File Path                                PID    Runtime      # DAGs    # Errors  Last Runtime    Last Run
---------------------------------------  -----  ---------  --------  ----------  --------------  -------------------
/opt/airflow/dags/pipeline_scheduled.py                           1           0  0.18s           2026-01-18T18:34:38
/opt/airflow/dags/pipeline_one_off.py                             1           0  0.17s           2026-01-18T18:34:38
================================================================================
[2026-01-18T18:35:10.091+0000] {manager.py:878} INFO - 
================================================================================
DAG File Processing Stats

File Path                                PID    Runtime      # DAGs    # Errors  Last Runtime    Last Run
---------------------------------------  -----  ---------  --------  ----------  --------------  -------------------
/opt/airflow/dags/pipeline_scheduled.py                           1           0  0.13s           2026-01-18T18:35:09
/opt/airflow/dags/pipeline_one_off.py                             1           0  0.12s           2026-01-18T18:35:09
================================================================================
[2026-01-18T18:35:32.260+0000] {manager.py:737} INFO - Searching for files in /opt/airflow/dags
[2026-01-18T18:35:32.294+0000] {manager.py:740} INFO - There are 2 files in /opt/airflow/dags
[2026-01-18T18:35:40.548+0000] {manager.py:878} INFO - 
================================================================================
DAG File Processing Stats

File Path                                PID    Runtime      # DAGs    # Errors  Last Runtime    Last Run
---------------------------------------  -----  ---------  --------  ----------  --------------  -------------------
/opt/airflow/dags/pipeline_one_off.py                             1           0  0.16s           2026-01-18T18:35:39
/opt/airflow/dags/pipeline_scheduled.py                           1           0  0.16s           2026-01-18T18:35:39
================================================================================
[2026-01-18T18:36:10.937+0000] {manager.py:878} INFO - 
================================================================================
DAG File Processing Stats

File Path                                PID    Runtime      # DAGs    # Errors  Last Runtime    Last Run
---------------------------------------  -----  ---------  --------  ----------  --------------  -------------------
/opt/airflow/dags/pipeline_scheduled.py                           1           0  0.16s           2026-01-18T18:36:09
/opt/airflow/dags/pipeline_one_off.py                             1           0  0.16s           2026-01-18T18:36:09
================================================================================
[2026-01-18T18:36:41.376+0000] {manager.py:878} INFO - 
================================================================================
DAG File Processing Stats

File Path                                PID    Runtime      # DAGs    # Errors  Last Runtime    Last Run
---------------------------------------  -----  ---------  --------  ----------  --------------  -------------------
/opt/airflow/dags/pipeline_one_off.py                             1           0  0.19s           2026-01-18T18:36:40
/opt/airflow/dags/pipeline_scheduled.py                           1           0  0.18s           2026-01-18T18:36:40
================================================================================
[2026-01-18T18:37:11.759+0000] {manager.py:878} INFO - 
================================================================================
DAG File Processing Stats

File Path                                PID    Runtime      # DAGs    # Errors  Last Runtime    Last Run
---------------------------------------  -----  ---------  --------  ----------  --------------  -------------------
/opt/airflow/dags/pipeline_scheduled.py                           1           0  0.16s           2026-01-18T18:37:10
/opt/airflow/dags/pipeline_one_off.py                             1           0  0.16s           2026-01-18T18:37:10
================================================================================
[2026-01-18T18:37:42.155+0000] {manager.py:878} INFO - 
================================================================================
DAG File Processing Stats

File Path                                PID    Runtime      # DAGs    # Errors  Last Runtime    Last Run
---------------------------------------  -----  ---------  --------  ----------  --------------  -------------------
/opt/airflow/dags/pipeline_scheduled.py                           1           0  0.15s           2026-01-18T18:37:41
/opt/airflow/dags/pipeline_one_off.py                             1           0  0.15s           2026-01-18T18:37:41
================================================================================
[2026-01-18T18:38:12.524+0000] {manager.py:878} INFO - 
================================================================================
DAG File Processing Stats

File Path                                PID    Runtime      # DAGs    # Errors  Last Runtime    Last Run
---------------------------------------  -----  ---------  --------  ----------  --------------  -------------------
/opt/airflow/dags/pipeline_scheduled.py                           1           0  0.16s           2026-01-18T18:38:11
/opt/airflow/dags/pipeline_one_off.py                             1           0  0.15s           2026-01-18T18:38:11
================================================================================
[2026-01-18T18:38:42.891+0000] {manager.py:878} INFO - 
================================================================================
DAG File Processing Stats

File Path                                PID    Runtime      # DAGs    # Errors  Last Runtime    Last Run
---------------------------------------  -----  ---------  --------  ----------  --------------  -------------------
/opt/airflow/dags/pipeline_scheduled.py                           1           0  0.15s           2026-01-18T18:38:41
/opt/airflow/dags/pipeline_one_off.py                             1           0  0.14s           2026-01-18T18:38:41
================================================================================
[2026-01-18T18:39:13.274+0000] {manager.py:878} INFO - 
================================================================================
DAG File Processing Stats

File Path                                PID    Runtime      # DAGs    # Errors  Last Runtime    Last Run
---------------------------------------  -----  ---------  --------  ----------  --------------  -------------------
/opt/airflow/dags/pipeline_scheduled.py                           1           0  0.16s           2026-01-18T18:39:12
/opt/airflow/dags/pipeline_one_off.py                             1           0  0.16s           2026-01-18T18:39:12
================================================================================
[2026-01-18T18:39:43.666+0000] {manager.py:878} INFO - 
================================================================================
DAG File Processing Stats

File Path                                PID    Runtime      # DAGs    # Errors  Last Runtime    Last Run
---------------------------------------  -----  ---------  --------  ----------  --------------  -------------------
/opt/airflow/dags/pipeline_scheduled.py                           1           0  0.15s           2026-01-18T18:39:42
/opt/airflow/dags/pipeline_one_off.py                             1           0  0.15s           2026-01-18T18:39:42
================================================================================
[2026-01-18T18:40:14.040+0000] {manager.py:878} INFO - 
================================================================================
DAG File Processing Stats

File Path                                PID    Runtime      # DAGs    # Errors  Last Runtime    Last Run
---------------------------------------  -----  ---------  --------  ----------  --------------  -------------------
/opt/airflow/dags/pipeline_scheduled.py                           1           0  0.17s           2026-01-18T18:40:13
/opt/airflow/dags/pipeline_one_off.py                             1           0  0.16s           2026-01-18T18:40:13
================================================================================
[2026-01-18T18:40:33.174+0000] {manager.py:737} INFO - Searching for files in /opt/airflow/dags
[2026-01-18T18:40:33.207+0000] {manager.py:740} INFO - There are 2 files in /opt/airflow/dags
[2026-01-18T18:40:44.473+0000] {manager.py:878} INFO - 
================================================================================
DAG File Processing Stats

File Path                                PID    Runtime      # DAGs    # Errors  Last Runtime    Last Run
---------------------------------------  -----  ---------  --------  ----------  --------------  -------------------
/opt/airflow/dags/pipeline_scheduled.py                           1           0  0.16s           2026-01-18T18:40:43
/opt/airflow/dags/pipeline_one_off.py                             1           0  0.16s           2026-01-18T18:40:43
================================================================================
[2026-01-18T18:41:14.866+0000] {manager.py:878} INFO - 
================================================================================
DAG File Processing Stats

File Path                                PID    Runtime      # DAGs    # Errors  Last Runtime    Last Run
---------------------------------------  -----  ---------  --------  ----------  --------------  -------------------
/opt/airflow/dags/pipeline_scheduled.py                           1           0  0.17s           2026-01-18T18:41:13
/opt/airflow/dags/pipeline_one_off.py                             1           0  0.17s           2026-01-18T18:41:13
================================================================================
[2026-01-18T18:41:45.259+0000] {manager.py:878} INFO - 
================================================================================
DAG File Processing Stats

File Path                                PID    Runtime      # DAGs    # Errors  Last Runtime    Last Run
---------------------------------------  -----  ---------  --------  ----------  --------------  -------------------
/opt/airflow/dags/pipeline_one_off.py                             1           0  0.16s           2026-01-18T18:41:44
/opt/airflow/dags/pipeline_scheduled.py                           1           0  0.16s           2026-01-18T18:41:44
================================================================================
[2026-01-18T18:42:15.626+0000] {manager.py:878} INFO - 
================================================================================
DAG File Processing Stats

File Path                                PID    Runtime      # DAGs    # Errors  Last Runtime    Last Run
---------------------------------------  -----  ---------  --------  ----------  --------------  -------------------
/opt/airflow/dags/pipeline_scheduled.py                           1           0  0.16s           2026-01-18T18:42:14
/opt/airflow/dags/pipeline_one_off.py                             1           0  0.15s           2026-01-18T18:42:14
================================================================================
[2026-01-18T18:42:46.021+0000] {manager.py:878} INFO - 
================================================================================
DAG File Processing Stats

File Path                                PID    Runtime      # DAGs    # Errors  Last Runtime    Last Run
---------------------------------------  -----  ---------  --------  ----------  --------------  -------------------
/opt/airflow/dags/pipeline_scheduled.py                           1           0  0.16s           2026-01-18T18:42:45
/opt/airflow/dags/pipeline_one_off.py                             1           0  0.16s           2026-01-18T18:42:45
================================================================================
[2026-01-18T18:43:16.379+0000] {manager.py:878} INFO - 
================================================================================
DAG File Processing Stats

File Path                                PID    Runtime      # DAGs    # Errors  Last Runtime    Last Run
---------------------------------------  -----  ---------  --------  ----------  --------------  -------------------
/opt/airflow/dags/pipeline_one_off.py                             1           0  0.14s           2026-01-18T18:43:15
/opt/airflow/dags/pipeline_scheduled.py                           1           0  0.14s           2026-01-18T18:43:15
================================================================================
[2026-01-18T18:43:46.761+0000] {manager.py:878} INFO - 
================================================================================
DAG File Processing Stats

File Path                                PID    Runtime      # DAGs    # Errors  Last Runtime    Last Run
---------------------------------------  -----  ---------  --------  ----------  --------------  -------------------
/opt/airflow/dags/pipeline_scheduled.py                           1           0  0.16s           2026-01-18T18:43:45
/opt/airflow/dags/pipeline_one_off.py                             1           0  0.16s           2026-01-18T18:43:45
================================================================================
[2026-01-18T18:44:17.128+0000] {manager.py:878} INFO - 
================================================================================
DAG File Processing Stats

File Path                                PID    Runtime      # DAGs    # Errors  Last Runtime    Last Run
---------------------------------------  -----  ---------  --------  ----------  --------------  -------------------
/opt/airflow/dags/pipeline_one_off.py                             1           0  0.15s           2026-01-18T18:44:16
/opt/airflow/dags/pipeline_scheduled.py                           1           0  0.14s           2026-01-18T18:44:16
================================================================================
[2026-01-18T18:44:47.506+0000] {manager.py:878} INFO - 
================================================================================
DAG File Processing Stats

File Path                                PID    Runtime      # DAGs    # Errors  Last Runtime    Last Run
---------------------------------------  -----  ---------  --------  ----------  --------------  -------------------
/opt/airflow/dags/pipeline_scheduled.py                           1           0  0.16s           2026-01-18T18:44:46
/opt/airflow/dags/pipeline_one_off.py                             1           0  0.16s           2026-01-18T18:44:46
================================================================================
[2026-01-18T18:45:17.868+0000] {manager.py:878} INFO - 
================================================================================
DAG File Processing Stats

File Path                                PID    Runtime      # DAGs    # Errors  Last Runtime    Last Run
---------------------------------------  -----  ---------  --------  ----------  --------------  -------------------
/opt/airflow/dags/pipeline_scheduled.py                           1           0  0.15s           2026-01-18T18:45:16
/opt/airflow/dags/pipeline_one_off.py                             1           0  0.14s           2026-01-18T18:45:16
================================================================================
[2026-01-18T18:45:33.975+0000] {manager.py:737} INFO - Searching for files in /opt/airflow/dags
[2026-01-18T18:45:34.012+0000] {manager.py:740} INFO - There are 2 files in /opt/airflow/dags
[2026-01-18T18:45:48.288+0000] {manager.py:878} INFO - 
================================================================================
DAG File Processing Stats

File Path                                PID    Runtime      # DAGs    # Errors  Last Runtime    Last Run
---------------------------------------  -----  ---------  --------  ----------  --------------  -------------------
/opt/airflow/dags/pipeline_scheduled.py                           1           0  0.16s           2026-01-18T18:45:47
/opt/airflow/dags/pipeline_one_off.py                             1           0  0.15s           2026-01-18T18:45:47
================================================================================
[2026-01-18T18:46:18.675+0000] {manager.py:878} INFO - 
================================================================================
DAG File Processing Stats

File Path                                PID    Runtime      # DAGs    # Errors  Last Runtime    Last Run
---------------------------------------  -----  ---------  --------  ----------  --------------  -------------------
/opt/airflow/dags/pipeline_one_off.py                             1           0  0.16s           2026-01-18T18:46:17
/opt/airflow/dags/pipeline_scheduled.py                           1           0  0.16s           2026-01-18T18:46:17
================================================================================
[2026-01-18T18:46:49.044+0000] {manager.py:878} INFO - 
================================================================================
DAG File Processing Stats

File Path                                PID    Runtime      # DAGs    # Errors  Last Runtime    Last Run
---------------------------------------  -----  ---------  --------  ----------  --------------  -------------------
/opt/airflow/dags/pipeline_scheduled.py                           1           0  0.15s           2026-01-18T18:46:48
/opt/airflow/dags/pipeline_one_off.py                             1           0  0.15s           2026-01-18T18:46:48
================================================================================
[2026-01-18T18:47:19.406+0000] {manager.py:878} INFO - 
================================================================================
DAG File Processing Stats

File Path                                PID    Runtime      # DAGs    # Errors  Last Runtime    Last Run
---------------------------------------  -----  ---------  --------  ----------  --------------  -------------------
/opt/airflow/dags/pipeline_scheduled.py                           1           0  0.14s           2026-01-18T18:47:18
/opt/airflow/dags/pipeline_one_off.py                             1           0  0.14s           2026-01-18T18:47:18
================================================================================
[2026-01-18T18:47:49.782+0000] {manager.py:878} INFO - 
================================================================================
DAG File Processing Stats

File Path                                PID    Runtime      # DAGs    # Errors  Last Runtime    Last Run
---------------------------------------  -----  ---------  --------  ----------  --------------  -------------------
/opt/airflow/dags/pipeline_scheduled.py                           1           0  0.16s           2026-01-18T18:47:48
/opt/airflow/dags/pipeline_one_off.py                             1           0  0.15s           2026-01-18T18:47:48
================================================================================
[2026-01-18T18:48:20.157+0000] {manager.py:878} INFO - 
================================================================================
DAG File Processing Stats

File Path                                PID    Runtime      # DAGs    # Errors  Last Runtime    Last Run
---------------------------------------  -----  ---------  --------  ----------  --------------  -------------------
/opt/airflow/dags/pipeline_scheduled.py                           1           0  0.15s           2026-01-18T18:48:19
/opt/airflow/dags/pipeline_one_off.py                             1           0  0.15s           2026-01-18T18:48:19
================================================================================
[2026-01-18T18:48:50.556+0000] {manager.py:878} INFO - 
================================================================================
DAG File Processing Stats

File Path                                PID    Runtime      # DAGs    # Errors  Last Runtime    Last Run
---------------------------------------  -----  ---------  --------  ----------  --------------  -------------------
/opt/airflow/dags/pipeline_scheduled.py                           1           0  0.17s           2026-01-18T18:48:49
/opt/airflow/dags/pipeline_one_off.py                             1           0  0.16s           2026-01-18T18:48:49
================================================================================
[2026-01-18T18:49:20.917+0000] {manager.py:878} INFO - 
================================================================================
DAG File Processing Stats

File Path                                PID    Runtime      # DAGs    # Errors  Last Runtime    Last Run
---------------------------------------  -----  ---------  --------  ----------  --------------  -------------------
/opt/airflow/dags/pipeline_scheduled.py                           1           0  0.15s           2026-01-18T18:49:19
/opt/airflow/dags/pipeline_one_off.py                             1           0  0.15s           2026-01-18T18:49:19
================================================================================
[2026-01-18T18:49:51.308+0000] {manager.py:878} INFO - 
================================================================================
DAG File Processing Stats

File Path                                PID    Runtime      # DAGs    # Errors  Last Runtime    Last Run
---------------------------------------  -----  ---------  --------  ----------  --------------  -------------------
/opt/airflow/dags/pipeline_scheduled.py                           1           0  0.17s           2026-01-18T18:49:50
/opt/airflow/dags/pipeline_one_off.py                             1           0  0.16s           2026-01-18T18:49:50
================================================================================
[2026-01-18T18:50:21.690+0000] {manager.py:878} INFO - 
================================================================================
DAG File Processing Stats

File Path                                PID    Runtime      # DAGs    # Errors  Last Runtime    Last Run
---------------------------------------  -----  ---------  --------  ----------  --------------  -------------------
/opt/airflow/dags/pipeline_scheduled.py                           1           0  0.16s           2026-01-18T18:50:20
/opt/airflow/dags/pipeline_one_off.py                             1           0  0.15s           2026-01-18T18:50:20
================================================================================
[2026-01-18T18:50:34.793+0000] {manager.py:737} INFO - Searching for files in /opt/airflow/dags
[2026-01-18T18:50:34.830+0000] {manager.py:740} INFO - There are 2 files in /opt/airflow/dags
[2026-01-18T18:50:52.143+0000] {manager.py:878} INFO - 
================================================================================
DAG File Processing Stats

File Path                                PID    Runtime      # DAGs    # Errors  Last Runtime    Last Run
---------------------------------------  -----  ---------  --------  ----------  --------------  -------------------
/opt/airflow/dags/pipeline_scheduled.py                           1           0  0.18s           2026-01-18T18:50:51
/opt/airflow/dags/pipeline_one_off.py                             1           0  0.16s           2026-01-18T18:50:51
================================================================================
[2026-01-18T18:51:22.526+0000] {manager.py:878} INFO - 
================================================================================
DAG File Processing Stats

File Path                                PID    Runtime      # DAGs    # Errors  Last Runtime    Last Run
---------------------------------------  -----  ---------  --------  ----------  --------------  -------------------
/opt/airflow/dags/pipeline_scheduled.py                           1           0  0.17s           2026-01-18T18:51:21
/opt/airflow/dags/pipeline_one_off.py                             1           0  0.16s           2026-01-18T18:51:21
================================================================================
[2026-01-18T18:51:52.900+0000] {manager.py:878} INFO - 
================================================================================
DAG File Processing Stats

File Path                                PID    Runtime      # DAGs    # Errors  Last Runtime    Last Run
---------------------------------------  -----  ---------  --------  ----------  --------------  -------------------
/opt/airflow/dags/pipeline_scheduled.py                           1           0  0.15s           2026-01-18T18:51:51
/opt/airflow/dags/pipeline_one_off.py                             1           0  0.15s           2026-01-18T18:51:51
================================================================================
[2026-01-18T18:52:23.277+0000] {manager.py:878} INFO - 
================================================================================
DAG File Processing Stats

File Path                                PID    Runtime      # DAGs    # Errors  Last Runtime    Last Run
---------------------------------------  -----  ---------  --------  ----------  --------------  -------------------
/opt/airflow/dags/pipeline_scheduled.py                           1           0  0.16s           2026-01-18T18:52:22
/opt/airflow/dags/pipeline_one_off.py                             1           0  0.15s           2026-01-18T18:52:22
================================================================================
[2026-01-18T18:52:53.690+0000] {manager.py:878} INFO - 
================================================================================
DAG File Processing Stats

File Path                                PID    Runtime      # DAGs    # Errors  Last Runtime    Last Run
---------------------------------------  -----  ---------  --------  ----------  --------------  -------------------
/opt/airflow/dags/pipeline_one_off.py                             1           0  0.16s           2026-01-18T18:52:52
/opt/airflow/dags/pipeline_scheduled.py                           1           0  0.16s           2026-01-18T18:52:52
================================================================================
[2026-01-18T18:53:24.066+0000] {manager.py:878} INFO - 
================================================================================
DAG File Processing Stats

File Path                                PID    Runtime      # DAGs    # Errors  Last Runtime    Last Run
---------------------------------------  -----  ---------  --------  ----------  --------------  -------------------
/opt/airflow/dags/pipeline_scheduled.py                           1           0  0.17s           2026-01-18T18:53:23
/opt/airflow/dags/pipeline_one_off.py                             1           0  0.16s           2026-01-18T18:53:23
================================================================================
[2026-01-18T18:53:54.477+0000] {manager.py:878} INFO - 
================================================================================
DAG File Processing Stats

File Path                                PID    Runtime      # DAGs    # Errors  Last Runtime    Last Run
---------------------------------------  -----  ---------  --------  ----------  --------------  -------------------
/opt/airflow/dags/pipeline_scheduled.py                           1           0  0.16s           2026-01-18T18:53:53
/opt/airflow/dags/pipeline_one_off.py                             1           0  0.16s           2026-01-18T18:53:53
================================================================================
[2026-01-18T18:54:24.853+0000] {manager.py:878} INFO - 
================================================================================
DAG File Processing Stats

File Path                                PID    Runtime      # DAGs    # Errors  Last Runtime    Last Run
---------------------------------------  -----  ---------  --------  ----------  --------------  -------------------
/opt/airflow/dags/pipeline_scheduled.py                           1           0  0.17s           2026-01-18T18:54:23
/opt/airflow/dags/pipeline_one_off.py                             1           0  0.16s           2026-01-18T18:54:23
================================================================================
[2026-01-18T18:54:55.232+0000] {manager.py:878} INFO - 
================================================================================
DAG File Processing Stats

File Path                                PID    Runtime      # DAGs    # Errors  Last Runtime    Last Run
---------------------------------------  -----  ---------  --------  ----------  --------------  -------------------
/opt/airflow/dags/pipeline_scheduled.py                           1           0  0.15s           2026-01-18T18:54:54
/opt/airflow/dags/pipeline_one_off.py                             1           0  0.15s           2026-01-18T18:54:54
================================================================================
[2026-01-18T18:55:25.625+0000] {manager.py:878} INFO - 
================================================================================
DAG File Processing Stats

File Path                                PID    Runtime      # DAGs    # Errors  Last Runtime    Last Run
---------------------------------------  -----  ---------  --------  ----------  --------------  -------------------
/opt/airflow/dags/pipeline_one_off.py                             1           0  0.19s           2026-01-18T18:55:00
/opt/airflow/dags/pipeline_scheduled.py                           1           0  0.17s           2026-01-18T18:55:24
================================================================================
[2026-01-18T18:55:34.840+0000] {manager.py:737} INFO - Searching for files in /opt/airflow/dags
[2026-01-18T18:55:34.875+0000] {manager.py:740} INFO - There are 2 files in /opt/airflow/dags
