[2026-01-22T16:42:19.612+0000] {local_task_job_runner.py:120} INFO - ::group::Pre task execution logs
[2026-01-22T16:42:19.717+0000] {taskinstance.py:2076} INFO - Dependencies all met for dep_context=non-requeueable deps ti=<TaskInstance: pipeline_scheduled.poll scheduled__2026-01-22T14:00:00+00:00 [queued]>
[2026-01-22T16:42:19.744+0000] {taskinstance.py:2076} INFO - Dependencies all met for dep_context=requeueable deps ti=<TaskInstance: pipeline_scheduled.poll scheduled__2026-01-22T14:00:00+00:00 [queued]>
[2026-01-22T16:42:19.749+0000] {taskinstance.py:2306} INFO - Starting attempt 1 of 4
[2026-01-22T16:42:19.810+0000] {taskinstance.py:2330} INFO - Executing <Task(BashOperator): poll> on 2026-01-22 14:00:00+00:00
[2026-01-22T16:42:19.852+0000] {standard_task_runner.py:64} INFO - Started process 54611 to run task
[2026-01-22T16:42:19.869+0000] {standard_task_runner.py:90} INFO - Running: ['***', 'tasks', 'run', 'pipeline_scheduled', 'poll', 'scheduled__2026-01-22T14:00:00+00:00', '--job-id', '274', '--raw', '--subdir', 'DAGS_FOLDER/pipeline_scheduled.py', '--cfg-path', '/tmp/tmp4iepwfk_']
[2026-01-22T16:42:19.876+0000] {standard_task_runner.py:91} INFO - Job 274: Subtask poll
[2026-01-22T16:42:20.207+0000] {task_command.py:426} INFO - Running <TaskInstance: pipeline_scheduled.poll scheduled__2026-01-22T14:00:00+00:00 [running]> on host 64fb536b9c49
[2026-01-22T16:49:26.737+0000] {taskinstance.py:2648} INFO - Exporting env vars: AIRFLOW_CTX_DAG_OWNER='***' AIRFLOW_CTX_DAG_ID='pipeline_scheduled' AIRFLOW_CTX_TASK_ID='poll' AIRFLOW_CTX_EXECUTION_DATE='2026-01-22T14:00:00+00:00' AIRFLOW_CTX_TRY_NUMBER='1' AIRFLOW_CTX_DAG_RUN_ID='scheduled__2026-01-22T14:00:00+00:00'
[2026-01-22T16:49:26.902+0000] {taskinstance.py:430} INFO - ::endgroup::
[2026-01-22T16:49:27.111+0000] {subprocess.py:63} INFO - Tmp dir root location: /tmp
[2026-01-22T16:49:27.178+0000] {subprocess.py:75} INFO - Running command: ['/usr/bin/bash', '-c', 'cd /opt/project && python -m src.poll.run --run-ts "20260122_150000Z"']
[2026-01-22T16:49:27.540+0000] {subprocess.py:86} INFO - Output:
[2026-01-22T16:49:27.995+0000] {subprocess.py:93} INFO - /home/***/.local/bin/python: Error while finding module specification for 'src.poll.run' (ModuleNotFoundError: No module named 'src.poll')
[2026-01-22T16:49:28.036+0000] {subprocess.py:97} INFO - Command exited with return code 1
[2026-01-22T16:49:28.054+0000] {taskinstance.py:441} INFO - ::group::Post task execution logs
[2026-01-22T16:49:28.146+0000] {taskinstance.py:2905} ERROR - Task failed with exception
Traceback (most recent call last):
  File "/home/airflow/.local/lib/python3.11/site-packages/airflow/models/taskinstance.py", line 465, in _execute_task
    result = _execute_callable(context=context, **execute_callable_kwargs)
             ^^^^^^^^^^^^^^^^^^^^^^^^^^^^^^^^^^^^^^^^^^^^^^^^^^^^^^^^^^^^^
  File "/home/airflow/.local/lib/python3.11/site-packages/airflow/models/taskinstance.py", line 432, in _execute_callable
    return execute_callable(context=context, **execute_callable_kwargs)
           ^^^^^^^^^^^^^^^^^^^^^^^^^^^^^^^^^^^^^^^^^^^^^^^^^^^^^^^^^^^^
  File "/home/airflow/.local/lib/python3.11/site-packages/airflow/models/baseoperator.py", line 401, in wrapper
    return func(self, *args, **kwargs)
           ^^^^^^^^^^^^^^^^^^^^^^^^^^^
  File "/home/airflow/.local/lib/python3.11/site-packages/airflow/operators/bash.py", line 243, in execute
    raise AirflowException(
airflow.exceptions.AirflowException: Bash command failed. The command returned a non-zero exit code 1.
[2026-01-22T16:49:28.173+0000] {taskinstance.py:1206} INFO - Marking task as UP_FOR_RETRY. dag_id=pipeline_scheduled, task_id=poll, run_id=scheduled__2026-01-22T14:00:00+00:00, execution_date=20260122T140000, start_date=20260122T164219, end_date=20260122T164928
[2026-01-22T16:49:28.244+0000] {standard_task_runner.py:110} ERROR - Failed to execute job 274 for task poll (Bash command failed. The command returned a non-zero exit code 1.; 54611)
[2026-01-22T16:49:28.332+0000] {local_task_job_runner.py:243} INFO - Task exited with return code 1
[2026-01-22T16:49:28.438+0000] {taskinstance.py:3503} INFO - 0 downstream tasks scheduled from follow-on schedule check
[2026-01-22T16:49:28.445+0000] {local_task_job_runner.py:222} INFO - ::endgroup::
