[2026-01-21T18:20:02.802+0000] {local_task_job_runner.py:120} INFO - ::group::Pre task execution logs
[2026-01-21T18:20:02.833+0000] {taskinstance.py:2076} INFO - Dependencies all met for dep_context=non-requeueable deps ti=<TaskInstance: pipeline_scheduled.poll scheduled__2026-01-21T17:00:00+00:00 [queued]>
[2026-01-21T18:20:02.840+0000] {taskinstance.py:2076} INFO - Dependencies all met for dep_context=requeueable deps ti=<TaskInstance: pipeline_scheduled.poll scheduled__2026-01-21T17:00:00+00:00 [queued]>
[2026-01-21T18:20:02.841+0000] {taskinstance.py:2306} INFO - Starting attempt 3 of 4
[2026-01-21T18:20:02.858+0000] {taskinstance.py:2330} INFO - Executing <Task(BashOperator): poll> on 2026-01-21 17:00:00+00:00
[2026-01-21T18:20:02.868+0000] {standard_task_runner.py:64} INFO - Started process 46731 to run task
[2026-01-21T18:20:02.872+0000] {standard_task_runner.py:90} INFO - Running: ['***', 'tasks', 'run', 'pipeline_scheduled', 'poll', 'scheduled__2026-01-21T17:00:00+00:00', '--job-id', '227', '--raw', '--subdir', 'DAGS_FOLDER/pipeline_scheduled.py', '--cfg-path', '/tmp/tmpvzbl7dga']
[2026-01-21T18:20:02.876+0000] {standard_task_runner.py:91} INFO - Job 227: Subtask poll
[2026-01-21T18:20:02.962+0000] {task_command.py:426} INFO - Running <TaskInstance: pipeline_scheduled.poll scheduled__2026-01-21T17:00:00+00:00 [running]> on host 64fb536b9c49
[2026-01-21T18:20:03.054+0000] {taskinstance.py:2648} INFO - Exporting env vars: AIRFLOW_CTX_DAG_OWNER='***' AIRFLOW_CTX_DAG_ID='pipeline_scheduled' AIRFLOW_CTX_TASK_ID='poll' AIRFLOW_CTX_EXECUTION_DATE='2026-01-21T17:00:00+00:00' AIRFLOW_CTX_TRY_NUMBER='3' AIRFLOW_CTX_DAG_RUN_ID='scheduled__2026-01-21T17:00:00+00:00'
[2026-01-21T18:20:03.055+0000] {taskinstance.py:430} INFO - ::endgroup::
[2026-01-21T18:20:03.069+0000] {subprocess.py:63} INFO - Tmp dir root location: /tmp
[2026-01-21T18:20:03.070+0000] {subprocess.py:75} INFO - Running command: ['/usr/bin/bash', '-c', 'cd /opt/project && python -m src.poll.run --run-ts "20260121_180000Z"']
[2026-01-21T18:20:03.086+0000] {subprocess.py:86} INFO - Output:
[2026-01-21T18:20:03.139+0000] {subprocess.py:93} INFO - /home/***/.local/bin/python: Error while finding module specification for 'src.poll.run' (ModuleNotFoundError: No module named 'src.poll')
[2026-01-21T18:20:03.143+0000] {subprocess.py:97} INFO - Command exited with return code 1
[2026-01-21T18:20:03.145+0000] {taskinstance.py:441} INFO - ::group::Post task execution logs
[2026-01-21T18:20:03.158+0000] {taskinstance.py:2905} ERROR - Task failed with exception
Traceback (most recent call last):
  File "/home/airflow/.local/lib/python3.11/site-packages/airflow/models/taskinstance.py", line 465, in _execute_task
    result = _execute_callable(context=context, **execute_callable_kwargs)
             ^^^^^^^^^^^^^^^^^^^^^^^^^^^^^^^^^^^^^^^^^^^^^^^^^^^^^^^^^^^^^
  File "/home/airflow/.local/lib/python3.11/site-packages/airflow/models/taskinstance.py", line 432, in _execute_callable
    return execute_callable(context=context, **execute_callable_kwargs)
           ^^^^^^^^^^^^^^^^^^^^^^^^^^^^^^^^^^^^^^^^^^^^^^^^^^^^^^^^^^^^
  File "/home/airflow/.local/lib/python3.11/site-packages/airflow/models/baseoperator.py", line 401, in wrapper
    return func(self, *args, **kwargs)
           ^^^^^^^^^^^^^^^^^^^^^^^^^^^
  File "/home/airflow/.local/lib/python3.11/site-packages/airflow/operators/bash.py", line 243, in execute
    raise AirflowException(
airflow.exceptions.AirflowException: Bash command failed. The command returned a non-zero exit code 1.
[2026-01-21T18:20:03.162+0000] {taskinstance.py:1206} INFO - Marking task as UP_FOR_RETRY. dag_id=pipeline_scheduled, task_id=poll, run_id=scheduled__2026-01-21T17:00:00+00:00, execution_date=20260121T170000, start_date=20260121T182002, end_date=20260121T182003
[2026-01-21T18:20:03.174+0000] {standard_task_runner.py:110} ERROR - Failed to execute job 227 for task poll (Bash command failed. The command returned a non-zero exit code 1.; 46731)
[2026-01-21T18:20:03.207+0000] {local_task_job_runner.py:243} INFO - Task exited with return code 1
[2026-01-21T18:20:03.233+0000] {taskinstance.py:3503} INFO - 0 downstream tasks scheduled from follow-on schedule check
[2026-01-21T18:20:03.235+0000] {local_task_job_runner.py:222} INFO - ::endgroup::
