[2026-01-21T09:10:03.577+0000] {local_task_job_runner.py:120} INFO - ::group::Pre task execution logs
[2026-01-21T09:10:03.660+0000] {taskinstance.py:2076} INFO - Dependencies all met for dep_context=non-requeueable deps ti=<TaskInstance: pipeline_scheduled.poll scheduled__2026-01-21T08:00:00+00:00 [queued]>
[2026-01-21T09:10:03.672+0000] {taskinstance.py:2076} INFO - Dependencies all met for dep_context=requeueable deps ti=<TaskInstance: pipeline_scheduled.poll scheduled__2026-01-21T08:00:00+00:00 [queued]>
[2026-01-21T09:10:03.673+0000] {taskinstance.py:2306} INFO - Starting attempt 2 of 4
[2026-01-21T09:10:03.698+0000] {taskinstance.py:2330} INFO - Executing <Task(BashOperator): poll> on 2026-01-21 08:00:00+00:00
[2026-01-21T09:10:03.714+0000] {standard_task_runner.py:64} INFO - Started process 38028 to run task
[2026-01-21T09:10:03.720+0000] {standard_task_runner.py:90} INFO - Running: ['***', 'tasks', 'run', 'pipeline_scheduled', 'poll', 'scheduled__2026-01-21T08:00:00+00:00', '--job-id', '191', '--raw', '--subdir', 'DAGS_FOLDER/pipeline_scheduled.py', '--cfg-path', '/tmp/tmpbon1t29b']
[2026-01-21T09:10:03.726+0000] {standard_task_runner.py:91} INFO - Job 191: Subtask poll
[2026-01-21T09:10:03.857+0000] {task_command.py:426} INFO - Running <TaskInstance: pipeline_scheduled.poll scheduled__2026-01-21T08:00:00+00:00 [running]> on host 64fb536b9c49
[2026-01-21T09:10:04.014+0000] {taskinstance.py:2648} INFO - Exporting env vars: AIRFLOW_CTX_DAG_OWNER='***' AIRFLOW_CTX_DAG_ID='pipeline_scheduled' AIRFLOW_CTX_TASK_ID='poll' AIRFLOW_CTX_EXECUTION_DATE='2026-01-21T08:00:00+00:00' AIRFLOW_CTX_TRY_NUMBER='2' AIRFLOW_CTX_DAG_RUN_ID='scheduled__2026-01-21T08:00:00+00:00'
[2026-01-21T09:10:04.016+0000] {taskinstance.py:430} INFO - ::endgroup::
[2026-01-21T09:10:04.058+0000] {subprocess.py:63} INFO - Tmp dir root location: /tmp
[2026-01-21T09:10:04.061+0000] {subprocess.py:75} INFO - Running command: ['/usr/bin/bash', '-c', 'cd /opt/project && python -m src.poll.run --run-ts "20260121_090000Z"']
[2026-01-21T09:10:04.095+0000] {subprocess.py:86} INFO - Output:
[2026-01-21T09:10:04.267+0000] {subprocess.py:93} INFO - /home/***/.local/bin/python: Error while finding module specification for 'src.poll.run' (ModuleNotFoundError: No module named 'src.poll')
[2026-01-21T09:10:04.277+0000] {subprocess.py:97} INFO - Command exited with return code 1
[2026-01-21T09:10:04.279+0000] {taskinstance.py:441} INFO - ::group::Post task execution logs
[2026-01-21T09:10:04.303+0000] {taskinstance.py:2905} ERROR - Task failed with exception
Traceback (most recent call last):
  File "/home/airflow/.local/lib/python3.11/site-packages/airflow/models/taskinstance.py", line 465, in _execute_task
    result = _execute_callable(context=context, **execute_callable_kwargs)
             ^^^^^^^^^^^^^^^^^^^^^^^^^^^^^^^^^^^^^^^^^^^^^^^^^^^^^^^^^^^^^
  File "/home/airflow/.local/lib/python3.11/site-packages/airflow/models/taskinstance.py", line 432, in _execute_callable
    return execute_callable(context=context, **execute_callable_kwargs)
           ^^^^^^^^^^^^^^^^^^^^^^^^^^^^^^^^^^^^^^^^^^^^^^^^^^^^^^^^^^^^
  File "/home/airflow/.local/lib/python3.11/site-packages/airflow/models/baseoperator.py", line 401, in wrapper
    return func(self, *args, **kwargs)
           ^^^^^^^^^^^^^^^^^^^^^^^^^^^
  File "/home/airflow/.local/lib/python3.11/site-packages/airflow/operators/bash.py", line 243, in execute
    raise AirflowException(
airflow.exceptions.AirflowException: Bash command failed. The command returned a non-zero exit code 1.
[2026-01-21T09:10:04.314+0000] {taskinstance.py:1206} INFO - Marking task as UP_FOR_RETRY. dag_id=pipeline_scheduled, task_id=poll, run_id=scheduled__2026-01-21T08:00:00+00:00, execution_date=20260121T080000, start_date=20260121T091003, end_date=20260121T091004
[2026-01-21T09:10:04.336+0000] {standard_task_runner.py:110} ERROR - Failed to execute job 191 for task poll (Bash command failed. The command returned a non-zero exit code 1.; 38028)
[2026-01-21T09:10:04.378+0000] {local_task_job_runner.py:243} INFO - Task exited with return code 1
[2026-01-21T09:10:04.421+0000] {taskinstance.py:3503} INFO - 0 downstream tasks scheduled from follow-on schedule check
[2026-01-21T09:10:04.428+0000] {local_task_job_runner.py:222} INFO - ::endgroup::
