[2026-01-18T22:07:11.619+0000] {local_task_job_runner.py:120} INFO - ::group::Pre task execution logs
[2026-01-18T22:07:11.678+0000] {taskinstance.py:2076} INFO - Dependencies all met for dep_context=non-requeueable deps ti=<TaskInstance: pipeline_scheduled.poll scheduled__2026-01-18T18:00:00+00:00 [queued]>
[2026-01-18T22:07:11.692+0000] {taskinstance.py:2076} INFO - Dependencies all met for dep_context=requeueable deps ti=<TaskInstance: pipeline_scheduled.poll scheduled__2026-01-18T18:00:00+00:00 [queued]>
[2026-01-18T22:07:11.694+0000] {taskinstance.py:2306} INFO - Starting attempt 3 of 4
[2026-01-18T22:07:11.722+0000] {taskinstance.py:2330} INFO - Executing <Task(BashOperator): poll> on 2026-01-18 18:00:00+00:00
[2026-01-18T22:07:11.737+0000] {standard_task_runner.py:64} INFO - Started process 997 to run task
[2026-01-18T22:07:11.746+0000] {standard_task_runner.py:90} INFO - Running: ['***', 'tasks', 'run', 'pipeline_scheduled', 'poll', 'scheduled__2026-01-18T18:00:00+00:00', '--job-id', '12', '--raw', '--subdir', 'DAGS_FOLDER/pipeline_scheduled.py', '--cfg-path', '/tmp/tmptt30wmt8']
[2026-01-18T22:07:11.752+0000] {standard_task_runner.py:91} INFO - Job 12: Subtask poll
[2026-01-18T22:07:11.893+0000] {task_command.py:426} INFO - Running <TaskInstance: pipeline_scheduled.poll scheduled__2026-01-18T18:00:00+00:00 [running]> on host 64fb536b9c49
[2026-01-18T22:07:12.047+0000] {taskinstance.py:2648} INFO - Exporting env vars: AIRFLOW_CTX_DAG_OWNER='***' AIRFLOW_CTX_DAG_ID='pipeline_scheduled' AIRFLOW_CTX_TASK_ID='poll' AIRFLOW_CTX_EXECUTION_DATE='2026-01-18T18:00:00+00:00' AIRFLOW_CTX_TRY_NUMBER='3' AIRFLOW_CTX_DAG_RUN_ID='scheduled__2026-01-18T18:00:00+00:00'
[2026-01-18T22:07:12.049+0000] {taskinstance.py:430} INFO - ::endgroup::
[2026-01-18T22:07:12.070+0000] {subprocess.py:63} INFO - Tmp dir root location: /tmp
[2026-01-18T22:07:12.074+0000] {subprocess.py:75} INFO - Running command: ['/usr/bin/bash', '-c', 'cd /opt/project && python -m src.poll.run --run-ts "20260118_190000Z"']
[2026-01-18T22:07:12.096+0000] {subprocess.py:86} INFO - Output:
[2026-01-18T22:07:12.201+0000] {subprocess.py:93} INFO - /home/***/.local/bin/python: Error while finding module specification for 'src.poll.run' (ModuleNotFoundError: No module named 'src.poll')
[2026-01-18T22:07:12.208+0000] {subprocess.py:97} INFO - Command exited with return code 1
[2026-01-18T22:07:12.210+0000] {taskinstance.py:441} INFO - ::group::Post task execution logs
[2026-01-18T22:07:12.232+0000] {taskinstance.py:2905} ERROR - Task failed with exception
Traceback (most recent call last):
  File "/home/airflow/.local/lib/python3.11/site-packages/airflow/models/taskinstance.py", line 465, in _execute_task
    result = _execute_callable(context=context, **execute_callable_kwargs)
             ^^^^^^^^^^^^^^^^^^^^^^^^^^^^^^^^^^^^^^^^^^^^^^^^^^^^^^^^^^^^^
  File "/home/airflow/.local/lib/python3.11/site-packages/airflow/models/taskinstance.py", line 432, in _execute_callable
    return execute_callable(context=context, **execute_callable_kwargs)
           ^^^^^^^^^^^^^^^^^^^^^^^^^^^^^^^^^^^^^^^^^^^^^^^^^^^^^^^^^^^^
  File "/home/airflow/.local/lib/python3.11/site-packages/airflow/models/baseoperator.py", line 401, in wrapper
    return func(self, *args, **kwargs)
           ^^^^^^^^^^^^^^^^^^^^^^^^^^^
  File "/home/airflow/.local/lib/python3.11/site-packages/airflow/operators/bash.py", line 243, in execute
    raise AirflowException(
airflow.exceptions.AirflowException: Bash command failed. The command returned a non-zero exit code 1.
[2026-01-18T22:07:12.238+0000] {taskinstance.py:1206} INFO - Marking task as UP_FOR_RETRY. dag_id=pipeline_scheduled, task_id=poll, run_id=scheduled__2026-01-18T18:00:00+00:00, execution_date=20260118T180000, start_date=20260118T220711, end_date=20260118T220712
[2026-01-18T22:07:12.283+0000] {standard_task_runner.py:110} ERROR - Failed to execute job 12 for task poll (Bash command failed. The command returned a non-zero exit code 1.; 997)
[2026-01-18T22:07:12.323+0000] {local_task_job_runner.py:243} INFO - Task exited with return code 1
[2026-01-18T22:07:12.365+0000] {taskinstance.py:3503} INFO - 0 downstream tasks scheduled from follow-on schedule check
[2026-01-18T22:07:12.370+0000] {local_task_job_runner.py:222} INFO - ::endgroup::
