[2026-01-19T03:30:07.584+0000] {local_task_job_runner.py:120} INFO - ::group::Pre task execution logs
[2026-01-19T03:30:07.653+0000] {taskinstance.py:2076} INFO - Dependencies all met for dep_context=non-requeueable deps ti=<TaskInstance: pipeline_scheduled.poll scheduled__2026-01-19T02:00:00+00:00 [queued]>
[2026-01-19T03:30:07.664+0000] {taskinstance.py:2076} INFO - Dependencies all met for dep_context=requeueable deps ti=<TaskInstance: pipeline_scheduled.poll scheduled__2026-01-19T02:00:00+00:00 [queued]>
[2026-01-19T03:30:07.667+0000] {taskinstance.py:2306} INFO - Starting attempt 4 of 4
[2026-01-19T03:30:07.693+0000] {taskinstance.py:2330} INFO - Executing <Task(BashOperator): poll> on 2026-01-19 02:00:00+00:00
[2026-01-19T03:30:07.707+0000] {standard_task_runner.py:64} INFO - Started process 6143 to run task
[2026-01-19T03:30:07.714+0000] {standard_task_runner.py:90} INFO - Running: ['***', 'tasks', 'run', 'pipeline_scheduled', 'poll', 'scheduled__2026-01-19T02:00:00+00:00', '--job-id', '37', '--raw', '--subdir', 'DAGS_FOLDER/pipeline_scheduled.py', '--cfg-path', '/tmp/tmp5jpy16vs']
[2026-01-19T03:30:07.719+0000] {standard_task_runner.py:91} INFO - Job 37: Subtask poll
[2026-01-19T03:30:07.848+0000] {task_command.py:426} INFO - Running <TaskInstance: pipeline_scheduled.poll scheduled__2026-01-19T02:00:00+00:00 [running]> on host 64fb536b9c49
[2026-01-19T03:30:08.083+0000] {taskinstance.py:2648} INFO - Exporting env vars: AIRFLOW_CTX_DAG_OWNER='***' AIRFLOW_CTX_DAG_ID='pipeline_scheduled' AIRFLOW_CTX_TASK_ID='poll' AIRFLOW_CTX_EXECUTION_DATE='2026-01-19T02:00:00+00:00' AIRFLOW_CTX_TRY_NUMBER='4' AIRFLOW_CTX_DAG_RUN_ID='scheduled__2026-01-19T02:00:00+00:00'
[2026-01-19T03:30:08.085+0000] {taskinstance.py:430} INFO - ::endgroup::
[2026-01-19T03:30:08.121+0000] {subprocess.py:63} INFO - Tmp dir root location: /tmp
[2026-01-19T03:30:08.125+0000] {subprocess.py:75} INFO - Running command: ['/usr/bin/bash', '-c', 'cd /opt/project && python -m src.poll.run --run-ts "20260119_030000Z"']
[2026-01-19T03:30:08.153+0000] {subprocess.py:86} INFO - Output:
[2026-01-19T03:30:08.322+0000] {subprocess.py:93} INFO - /home/***/.local/bin/python: Error while finding module specification for 'src.poll.run' (ModuleNotFoundError: No module named 'src.poll')
[2026-01-19T03:30:08.333+0000] {subprocess.py:97} INFO - Command exited with return code 1
[2026-01-19T03:30:08.334+0000] {taskinstance.py:441} INFO - ::group::Post task execution logs
[2026-01-19T03:30:08.359+0000] {taskinstance.py:2905} ERROR - Task failed with exception
Traceback (most recent call last):
  File "/home/airflow/.local/lib/python3.11/site-packages/airflow/models/taskinstance.py", line 465, in _execute_task
    result = _execute_callable(context=context, **execute_callable_kwargs)
             ^^^^^^^^^^^^^^^^^^^^^^^^^^^^^^^^^^^^^^^^^^^^^^^^^^^^^^^^^^^^^
  File "/home/airflow/.local/lib/python3.11/site-packages/airflow/models/taskinstance.py", line 432, in _execute_callable
    return execute_callable(context=context, **execute_callable_kwargs)
           ^^^^^^^^^^^^^^^^^^^^^^^^^^^^^^^^^^^^^^^^^^^^^^^^^^^^^^^^^^^^
  File "/home/airflow/.local/lib/python3.11/site-packages/airflow/models/baseoperator.py", line 401, in wrapper
    return func(self, *args, **kwargs)
           ^^^^^^^^^^^^^^^^^^^^^^^^^^^
  File "/home/airflow/.local/lib/python3.11/site-packages/airflow/operators/bash.py", line 243, in execute
    raise AirflowException(
airflow.exceptions.AirflowException: Bash command failed. The command returned a non-zero exit code 1.
[2026-01-19T03:30:08.369+0000] {taskinstance.py:1206} INFO - Marking task as FAILED. dag_id=pipeline_scheduled, task_id=poll, run_id=scheduled__2026-01-19T02:00:00+00:00, execution_date=20260119T020000, start_date=20260119T033007, end_date=20260119T033008
[2026-01-19T03:30:08.389+0000] {standard_task_runner.py:110} ERROR - Failed to execute job 37 for task poll (Bash command failed. The command returned a non-zero exit code 1.; 6143)
[2026-01-19T03:30:08.451+0000] {local_task_job_runner.py:243} INFO - Task exited with return code 1
[2026-01-19T03:30:08.494+0000] {taskinstance.py:3503} INFO - 0 downstream tasks scheduled from follow-on schedule check
[2026-01-19T03:30:08.580+0000] {local_task_job_runner.py:222} INFO - ::endgroup::
