[2026-01-19T03:20:05.448+0000] {local_task_job_runner.py:120} INFO - ::group::Pre task execution logs
[2026-01-19T03:20:05.518+0000] {taskinstance.py:2076} INFO - Dependencies all met for dep_context=non-requeueable deps ti=<TaskInstance: pipeline_scheduled.poll scheduled__2026-01-19T02:00:00+00:00 [queued]>
[2026-01-19T03:20:05.529+0000] {taskinstance.py:2076} INFO - Dependencies all met for dep_context=requeueable deps ti=<TaskInstance: pipeline_scheduled.poll scheduled__2026-01-19T02:00:00+00:00 [queued]>
[2026-01-19T03:20:05.532+0000] {taskinstance.py:2306} INFO - Starting attempt 3 of 4
[2026-01-19T03:20:05.558+0000] {taskinstance.py:2330} INFO - Executing <Task(BashOperator): poll> on 2026-01-19 02:00:00+00:00
[2026-01-19T03:20:05.573+0000] {standard_task_runner.py:64} INFO - Started process 5950 to run task
[2026-01-19T03:20:05.580+0000] {standard_task_runner.py:90} INFO - Running: ['***', 'tasks', 'run', 'pipeline_scheduled', 'poll', 'scheduled__2026-01-19T02:00:00+00:00', '--job-id', '36', '--raw', '--subdir', 'DAGS_FOLDER/pipeline_scheduled.py', '--cfg-path', '/tmp/tmp_aek9c4d']
[2026-01-19T03:20:05.586+0000] {standard_task_runner.py:91} INFO - Job 36: Subtask poll
[2026-01-19T03:20:05.720+0000] {task_command.py:426} INFO - Running <TaskInstance: pipeline_scheduled.poll scheduled__2026-01-19T02:00:00+00:00 [running]> on host 64fb536b9c49
[2026-01-19T03:20:05.888+0000] {taskinstance.py:2648} INFO - Exporting env vars: AIRFLOW_CTX_DAG_OWNER='***' AIRFLOW_CTX_DAG_ID='pipeline_scheduled' AIRFLOW_CTX_TASK_ID='poll' AIRFLOW_CTX_EXECUTION_DATE='2026-01-19T02:00:00+00:00' AIRFLOW_CTX_TRY_NUMBER='3' AIRFLOW_CTX_DAG_RUN_ID='scheduled__2026-01-19T02:00:00+00:00'
[2026-01-19T03:20:05.890+0000] {taskinstance.py:430} INFO - ::endgroup::
[2026-01-19T03:20:05.927+0000] {subprocess.py:63} INFO - Tmp dir root location: /tmp
[2026-01-19T03:20:05.932+0000] {subprocess.py:75} INFO - Running command: ['/usr/bin/bash', '-c', 'cd /opt/project && python -m src.poll.run --run-ts "20260119_030000Z"']
[2026-01-19T03:20:05.960+0000] {subprocess.py:86} INFO - Output:
[2026-01-19T03:20:06.119+0000] {subprocess.py:93} INFO - /home/***/.local/bin/python: Error while finding module specification for 'src.poll.run' (ModuleNotFoundError: No module named 'src.poll')
[2026-01-19T03:20:06.129+0000] {subprocess.py:97} INFO - Command exited with return code 1
[2026-01-19T03:20:06.130+0000] {taskinstance.py:441} INFO - ::group::Post task execution logs
[2026-01-19T03:20:06.154+0000] {taskinstance.py:2905} ERROR - Task failed with exception
Traceback (most recent call last):
  File "/home/airflow/.local/lib/python3.11/site-packages/airflow/models/taskinstance.py", line 465, in _execute_task
    result = _execute_callable(context=context, **execute_callable_kwargs)
             ^^^^^^^^^^^^^^^^^^^^^^^^^^^^^^^^^^^^^^^^^^^^^^^^^^^^^^^^^^^^^
  File "/home/airflow/.local/lib/python3.11/site-packages/airflow/models/taskinstance.py", line 432, in _execute_callable
    return execute_callable(context=context, **execute_callable_kwargs)
           ^^^^^^^^^^^^^^^^^^^^^^^^^^^^^^^^^^^^^^^^^^^^^^^^^^^^^^^^^^^^
  File "/home/airflow/.local/lib/python3.11/site-packages/airflow/models/baseoperator.py", line 401, in wrapper
    return func(self, *args, **kwargs)
           ^^^^^^^^^^^^^^^^^^^^^^^^^^^
  File "/home/airflow/.local/lib/python3.11/site-packages/airflow/operators/bash.py", line 243, in execute
    raise AirflowException(
airflow.exceptions.AirflowException: Bash command failed. The command returned a non-zero exit code 1.
[2026-01-19T03:20:06.163+0000] {taskinstance.py:1206} INFO - Marking task as UP_FOR_RETRY. dag_id=pipeline_scheduled, task_id=poll, run_id=scheduled__2026-01-19T02:00:00+00:00, execution_date=20260119T020000, start_date=20260119T032005, end_date=20260119T032006
[2026-01-19T03:20:06.182+0000] {standard_task_runner.py:110} ERROR - Failed to execute job 36 for task poll (Bash command failed. The command returned a non-zero exit code 1.; 5950)
[2026-01-19T03:20:06.237+0000] {local_task_job_runner.py:243} INFO - Task exited with return code 1
[2026-01-19T03:20:06.279+0000] {taskinstance.py:3503} INFO - 0 downstream tasks scheduled from follow-on schedule check
[2026-01-19T03:20:06.284+0000] {local_task_job_runner.py:222} INFO - ::endgroup::
