[2026-01-22T16:42:19.409+0000] {local_task_job_runner.py:120} INFO - ::group::Pre task execution logs
[2026-01-22T16:42:19.556+0000] {taskinstance.py:2076} INFO - Dependencies all met for dep_context=non-requeueable deps ti=<TaskInstance: pipeline_scheduled.poll scheduled__2026-01-22T10:00:00+00:00 [queued]>
[2026-01-22T16:42:19.588+0000] {taskinstance.py:2076} INFO - Dependencies all met for dep_context=requeueable deps ti=<TaskInstance: pipeline_scheduled.poll scheduled__2026-01-22T10:00:00+00:00 [queued]>
[2026-01-22T16:42:19.591+0000] {taskinstance.py:2306} INFO - Starting attempt 3 of 4
[2026-01-22T16:42:19.773+0000] {taskinstance.py:2330} INFO - Executing <Task(BashOperator): poll> on 2026-01-22 10:00:00+00:00
[2026-01-22T16:42:19.803+0000] {standard_task_runner.py:64} INFO - Started process 54609 to run task
[2026-01-22T16:42:19.842+0000] {standard_task_runner.py:90} INFO - Running: ['***', 'tasks', 'run', 'pipeline_scheduled', 'poll', 'scheduled__2026-01-22T10:00:00+00:00', '--job-id', '271', '--raw', '--subdir', 'DAGS_FOLDER/pipeline_scheduled.py', '--cfg-path', '/tmp/tmpo69joeez']
[2026-01-22T16:42:19.850+0000] {standard_task_runner.py:91} INFO - Job 271: Subtask poll
[2026-01-22T16:42:20.131+0000] {task_command.py:426} INFO - Running <TaskInstance: pipeline_scheduled.poll scheduled__2026-01-22T10:00:00+00:00 [running]> on host 64fb536b9c49
[2026-01-22T16:49:26.438+0000] {taskinstance.py:2648} INFO - Exporting env vars: AIRFLOW_CTX_DAG_OWNER='***' AIRFLOW_CTX_DAG_ID='pipeline_scheduled' AIRFLOW_CTX_TASK_ID='poll' AIRFLOW_CTX_EXECUTION_DATE='2026-01-22T10:00:00+00:00' AIRFLOW_CTX_TRY_NUMBER='3' AIRFLOW_CTX_DAG_RUN_ID='scheduled__2026-01-22T10:00:00+00:00'
[2026-01-22T16:49:26.552+0000] {taskinstance.py:430} INFO - ::endgroup::
[2026-01-22T16:49:26.844+0000] {subprocess.py:63} INFO - Tmp dir root location: /tmp
[2026-01-22T16:49:26.912+0000] {subprocess.py:75} INFO - Running command: ['/usr/bin/bash', '-c', 'cd /opt/project && python -m src.poll.run --run-ts "20260122_110000Z"']
[2026-01-22T16:49:27.064+0000] {subprocess.py:86} INFO - Output:
[2026-01-22T16:49:27.736+0000] {subprocess.py:93} INFO - /home/***/.local/bin/python: Error while finding module specification for 'src.poll.run' (ModuleNotFoundError: No module named 'src.poll')
[2026-01-22T16:49:27.763+0000] {subprocess.py:97} INFO - Command exited with return code 1
[2026-01-22T16:49:27.773+0000] {taskinstance.py:441} INFO - ::group::Post task execution logs
[2026-01-22T16:49:27.843+0000] {taskinstance.py:2905} ERROR - Task failed with exception
Traceback (most recent call last):
  File "/home/airflow/.local/lib/python3.11/site-packages/airflow/models/taskinstance.py", line 465, in _execute_task
    result = _execute_callable(context=context, **execute_callable_kwargs)
             ^^^^^^^^^^^^^^^^^^^^^^^^^^^^^^^^^^^^^^^^^^^^^^^^^^^^^^^^^^^^^
  File "/home/airflow/.local/lib/python3.11/site-packages/airflow/models/taskinstance.py", line 432, in _execute_callable
    return execute_callable(context=context, **execute_callable_kwargs)
           ^^^^^^^^^^^^^^^^^^^^^^^^^^^^^^^^^^^^^^^^^^^^^^^^^^^^^^^^^^^^
  File "/home/airflow/.local/lib/python3.11/site-packages/airflow/models/baseoperator.py", line 401, in wrapper
    return func(self, *args, **kwargs)
           ^^^^^^^^^^^^^^^^^^^^^^^^^^^
  File "/home/airflow/.local/lib/python3.11/site-packages/airflow/operators/bash.py", line 243, in execute
    raise AirflowException(
airflow.exceptions.AirflowException: Bash command failed. The command returned a non-zero exit code 1.
[2026-01-22T16:49:27.875+0000] {taskinstance.py:1206} INFO - Marking task as UP_FOR_RETRY. dag_id=pipeline_scheduled, task_id=poll, run_id=scheduled__2026-01-22T10:00:00+00:00, execution_date=20260122T100000, start_date=20260122T164219, end_date=20260122T164927
[2026-01-22T16:49:27.973+0000] {standard_task_runner.py:110} ERROR - Failed to execute job 271 for task poll (Bash command failed. The command returned a non-zero exit code 1.; 54609)
[2026-01-22T16:49:28.088+0000] {local_task_job_runner.py:243} INFO - Task exited with return code 1
[2026-01-22T16:49:28.243+0000] {taskinstance.py:3503} INFO - 0 downstream tasks scheduled from follow-on schedule check
[2026-01-22T16:49:28.259+0000] {local_task_job_runner.py:222} INFO - ::endgroup::
